Archive member included to satisfy reference by file (symbol)

c:/program files (x86)/atmel/studio/7.0/toolchain/avr8/avr8-gnu-toolchain/bin/../lib/gcc/avr/5.4.0/avrxmega3/short-calls\libgcc.a(_exit.o)
                              C:/Program Files (x86)/Atmel/Studio/7.0/Packs/atmel/ATtiny_DFP/1.9.337/gcc/dev/attiny817/avrxmega3/short-calls/crtattiny817.o (exit)
c:/program files (x86)/atmel/studio/7.0/toolchain/avr8/avr8-gnu-toolchain/bin/../lib/gcc/avr/5.4.0/avrxmega3/short-calls\libgcc.a(_copy_data.o)
                              examples/src/nvmctrl_basic_example.o (__do_copy_data)
c:/program files (x86)/atmel/studio/7.0/toolchain/avr8/avr8-gnu-toolchain/bin/../lib/gcc/avr/5.4.0/avrxmega3/short-calls\libgcc.a(_clear_bss.o)
                              examples/src/i2c_slave_example.o (__do_clear_bss)
c:/program files (x86)/atmel/studio/7.0/toolchain/avr8/avr8-gnu-toolchain/bin/../lib/gcc/avr/5.4.0/../../../../avr/lib/avrxmega3/short-calls\libc.a(memcmp.o)
                              examples/src/nvmctrl_basic_example.o (memcmp)
c:/program files (x86)/atmel/studio/7.0/toolchain/avr8/avr8-gnu-toolchain/bin/../lib/gcc/avr/5.4.0/../../../../avr/lib/avrxmega3/short-calls\libc.a(memcpy.o)
                              src/nvmctrl_basic.o (memcpy)

Allocating common symbols
Common symbol       size              file

I2C_0_stop_interrupt_handler
                    0x2               src/i2c_slave.o
I2C_0_num_writes    0x1               examples/src/i2c_slave_example.o
I2C_0_register_address
                    0x1               examples/src/i2c_slave_example.o
I2C_0_write_interrupt_handler
                    0x2               src/i2c_slave.o
I2C_0_read_interrupt_handler
                    0x2               src/i2c_slave.o
I2C_0_num_reads     0x1               examples/src/i2c_slave_example.o
I2C_0_num_stops     0x1               examples/src/i2c_slave_example.o
I2C_0_address_interrupt_handler
                    0x2               src/i2c_slave.o
I2C_0_num_addresses
                    0x1               examples/src/i2c_slave_example.o
I2C_0_bus_error_interrupt_handler
                    0x2               src/i2c_slave.o
I2C_0_slave_address
                    0x1               examples/src/i2c_slave_example.o
I2C_0_collision_interrupt_handler
                    0x2               src/i2c_slave.o

Discarded input sections

 .data          0x00000000        0x0 C:/Program Files (x86)/Atmel/Studio/7.0/Packs/atmel/ATtiny_DFP/1.9.337/gcc/dev/attiny817/avrxmega3/short-calls/crtattiny817.o
 .bss           0x00000000        0x0 C:/Program Files (x86)/Atmel/Studio/7.0/Packs/atmel/ATtiny_DFP/1.9.337/gcc/dev/attiny817/avrxmega3/short-calls/crtattiny817.o
 .text          0x00000000        0x0 atmel_start.o
 .data          0x00000000        0x0 atmel_start.o
 .bss           0x00000000        0x0 atmel_start.o
 .text          0x00000000        0x0 driver_isr.o
 .data          0x00000000        0x0 driver_isr.o
 .bss           0x00000000        0x0 driver_isr.o
 .debug_info    0x00000000       0x5d driver_isr.o
 .debug_abbrev  0x00000000       0x26 driver_isr.o
 .debug_aranges
                0x00000000       0x18 driver_isr.o
 .debug_line    0x00000000       0x1a driver_isr.o
 .debug_str     0x00000000      0x19e driver_isr.o
 .comment       0x00000000       0x31 driver_isr.o
 .text          0x00000000        0x0 examples/src/i2c_slave_example.o
 .data          0x00000000        0x0 examples/src/i2c_slave_example.o
 .bss           0x00000000        0x0 examples/src/i2c_slave_example.o
 .text.I2C_0_stop_handler
                0x00000000        0xc examples/src/i2c_slave_example.o
 .text.I2C_0_error_handler
                0x00000000        0x2 examples/src/i2c_slave_example.o
 .text.I2C_0_address_handler
                0x00000000       0x14 examples/src/i2c_slave_example.o
 .text.I2C_0_write_handler
                0x00000000       0x14 examples/src/i2c_slave_example.o
 .text.I2C_0_read_handler
                0x00000000       0x10 examples/src/i2c_slave_example.o
 .text.I2C_0_test_i2c_slave
                0x00000000       0x32 examples/src/i2c_slave_example.o
 .debug_info    0x00000000      0x2e3 examples/src/i2c_slave_example.o
 .debug_abbrev  0x00000000       0xf5 examples/src/i2c_slave_example.o
 .debug_aranges
                0x00000000       0x48 examples/src/i2c_slave_example.o
 .debug_ranges  0x00000000       0x38 examples/src/i2c_slave_example.o
 .debug_line    0x00000000      0x18f examples/src/i2c_slave_example.o
 .debug_str     0x00000000      0x370 examples/src/i2c_slave_example.o
 .comment       0x00000000       0x31 examples/src/i2c_slave_example.o
 .debug_frame   0x00000000       0x74 examples/src/i2c_slave_example.o
 COMMON         0x00000000        0x6 examples/src/i2c_slave_example.o
 .text          0x00000000        0x0 examples/src/nvmctrl_basic_example.o
 .data          0x00000000        0x0 examples/src/nvmctrl_basic_example.o
 .bss           0x00000000        0x0 examples/src/nvmctrl_basic_example.o
 .text.FLASH_0_test_nvmctrl_basic
                0x00000000      0x1ec examples/src/nvmctrl_basic_example.o
 .bss.rb        0x00000000        0x1 examples/src/nvmctrl_basic_example.o
 .bss.status    0x00000000        0x1 examples/src/nvmctrl_basic_example.o
 .bss.rdata     0x00000000        0x4 examples/src/nvmctrl_basic_example.o
 .data.wdata    0x00000000        0x4 examples/src/nvmctrl_basic_example.o
 .bss.rambuf    0x00000000        0x1 examples/src/nvmctrl_basic_example.o
 .debug_info    0x00000000      0x4bc examples/src/nvmctrl_basic_example.o
 .debug_abbrev  0x00000000       0xe9 examples/src/nvmctrl_basic_example.o
 .debug_loc     0x00000000       0x54 examples/src/nvmctrl_basic_example.o
 .debug_aranges
                0x00000000       0x20 examples/src/nvmctrl_basic_example.o
 .debug_ranges  0x00000000       0x10 examples/src/nvmctrl_basic_example.o
 .debug_line    0x00000000      0x221 examples/src/nvmctrl_basic_example.o
 .debug_str     0x00000000      0x2df examples/src/nvmctrl_basic_example.o
 .comment       0x00000000       0x31 examples/src/nvmctrl_basic_example.o
 .debug_frame   0x00000000       0x34 examples/src/nvmctrl_basic_example.o
 .text          0x00000000        0x0 main.o
 .data          0x00000000        0x0 main.o
 .bss           0x00000000        0x0 main.o
 .text.magic_num_check
                0x00000000       0x12 main.o
 .text.fw_checksum_check
                0x00000000       0x74 main.o
 .bss.checksum  0x00000000        0x4 main.o
 .bss.rb        0x00000000        0x1 main.o
 .bss.ready_flag
                0x00000000        0x1 main.o
 .text          0x00000000        0x0 src/bod.o
 .data          0x00000000        0x0 src/bod.o
 .bss           0x00000000        0x0 src/bod.o
 .text          0x00000000        0x0 src/clkctrl.o
 .data          0x00000000        0x0 src/clkctrl.o
 .bss           0x00000000        0x0 src/clkctrl.o
 .text          0x00000000        0x0 src/cpuint.o
 .data          0x00000000        0x0 src/cpuint.o
 .bss           0x00000000        0x0 src/cpuint.o
 .text          0x00000000        0x0 src/driver_init.o
 .data          0x00000000        0x0 src/driver_init.o
 .bss           0x00000000        0x0 src/driver_init.o
 .text          0x00000000        0x0 src/i2c_slave.o
 .data          0x00000000        0x0 src/i2c_slave.o
 .bss           0x00000000        0x0 src/i2c_slave.o
 .text.I2C_0_open
                0x00000000        0xc src/i2c_slave.o
 .text.I2C_0_enable
                0x00000000        0xc src/i2c_slave.o
 .text.I2C_0_goto_unaddressed
                0x00000000       0x10 src/i2c_slave.o
 .text.I2C_0_read_callback
                0x00000000       0x10 src/i2c_slave.o
 .text.I2C_0_write_callback
                0x00000000       0x10 src/i2c_slave.o
 .text.I2C_0_address_callback
                0x00000000       0x10 src/i2c_slave.o
 .text.I2C_0_stop_callback
                0x00000000       0x10 src/i2c_slave.o
 .text.I2C_0_collision_callback
                0x00000000       0x10 src/i2c_slave.o
 .text.I2C_0_bus_error_callback
                0x00000000       0x10 src/i2c_slave.o
 .text.I2C_0_isr
                0x00000000       0x82 src/i2c_slave.o
 .data.isFirstByte.3765
                0x00000000        0x1 src/i2c_slave.o
 .text          0x00000000        0x0 src/nvmctrl_basic.o
 .data          0x00000000        0x0 src/nvmctrl_basic.o
 .bss           0x00000000        0x0 src/nvmctrl_basic.o
 .text.FLASH_0_read_eeprom_byte
                0x00000000        0x8 src/nvmctrl_basic.o
 .text.FLASH_0_write_eeprom_byte
                0x00000000       0x34 src/nvmctrl_basic.o
 .text.FLASH_0_read_eeprom_block
                0x00000000        0xc src/nvmctrl_basic.o
 .text.FLASH_0_write_eeprom_block
                0x00000000       0x80 src/nvmctrl_basic.o
 .text.FLASH_0_is_eeprom_ready
                0x00000000        0xa src/nvmctrl_basic.o
 .text.FLASH_0_write_flash_byte
                0x00000000       0x74 src/nvmctrl_basic.o
 .text.FLASH_0_write_flash_block
                0x00000000       0x98 src/nvmctrl_basic.o
 .text.FLASH_0_write_flash_stream
                0x00000000       0x30 src/nvmctrl_basic.o
 .text          0x00000000        0x0 src/protected_io.o
 .data          0x00000000        0x0 src/protected_io.o
 .bss           0x00000000        0x0 src/protected_io.o
 .text          0x00000000        0x0 src/slpctrl.o
 .data          0x00000000        0x0 src/slpctrl.o
 .bss           0x00000000        0x0 src/slpctrl.o
 .text.SLPCTRL_set_sleep_mode
                0x00000000       0x10 src/slpctrl.o
 .text          0x00000000        0x0 c:/program files (x86)/atmel/studio/7.0/toolchain/avr8/avr8-gnu-toolchain/bin/../lib/gcc/avr/5.4.0/avrxmega3/short-calls\libgcc.a(_exit.o)
 .data          0x00000000        0x0 c:/program files (x86)/atmel/studio/7.0/toolchain/avr8/avr8-gnu-toolchain/bin/../lib/gcc/avr/5.4.0/avrxmega3/short-calls\libgcc.a(_exit.o)
 .bss           0x00000000        0x0 c:/program files (x86)/atmel/studio/7.0/toolchain/avr8/avr8-gnu-toolchain/bin/../lib/gcc/avr/5.4.0/avrxmega3/short-calls\libgcc.a(_exit.o)
 .text.libgcc.mul
                0x00000000        0x0 c:/program files (x86)/atmel/studio/7.0/toolchain/avr8/avr8-gnu-toolchain/bin/../lib/gcc/avr/5.4.0/avrxmega3/short-calls\libgcc.a(_exit.o)
 .text.libgcc.div
                0x00000000        0x0 c:/program files (x86)/atmel/studio/7.0/toolchain/avr8/avr8-gnu-toolchain/bin/../lib/gcc/avr/5.4.0/avrxmega3/short-calls\libgcc.a(_exit.o)
 .text.libgcc   0x00000000        0x0 c:/program files (x86)/atmel/studio/7.0/toolchain/avr8/avr8-gnu-toolchain/bin/../lib/gcc/avr/5.4.0/avrxmega3/short-calls\libgcc.a(_exit.o)
 .text.libgcc.prologue
                0x00000000        0x0 c:/program files (x86)/atmel/studio/7.0/toolchain/avr8/avr8-gnu-toolchain/bin/../lib/gcc/avr/5.4.0/avrxmega3/short-calls\libgcc.a(_exit.o)
 .text.libgcc.builtins
                0x00000000        0x0 c:/program files (x86)/atmel/studio/7.0/toolchain/avr8/avr8-gnu-toolchain/bin/../lib/gcc/avr/5.4.0/avrxmega3/short-calls\libgcc.a(_exit.o)
 .text.libgcc.fmul
                0x00000000        0x0 c:/program files (x86)/atmel/studio/7.0/toolchain/avr8/avr8-gnu-toolchain/bin/../lib/gcc/avr/5.4.0/avrxmega3/short-calls\libgcc.a(_exit.o)
 .text.libgcc.fixed
                0x00000000        0x0 c:/program files (x86)/atmel/studio/7.0/toolchain/avr8/avr8-gnu-toolchain/bin/../lib/gcc/avr/5.4.0/avrxmega3/short-calls\libgcc.a(_exit.o)
 .text          0x00000000        0x0 c:/program files (x86)/atmel/studio/7.0/toolchain/avr8/avr8-gnu-toolchain/bin/../lib/gcc/avr/5.4.0/avrxmega3/short-calls\libgcc.a(_copy_data.o)
 .data          0x00000000        0x0 c:/program files (x86)/atmel/studio/7.0/toolchain/avr8/avr8-gnu-toolchain/bin/../lib/gcc/avr/5.4.0/avrxmega3/short-calls\libgcc.a(_copy_data.o)
 .bss           0x00000000        0x0 c:/program files (x86)/atmel/studio/7.0/toolchain/avr8/avr8-gnu-toolchain/bin/../lib/gcc/avr/5.4.0/avrxmega3/short-calls\libgcc.a(_copy_data.o)
 .text.libgcc.mul
                0x00000000        0x0 c:/program files (x86)/atmel/studio/7.0/toolchain/avr8/avr8-gnu-toolchain/bin/../lib/gcc/avr/5.4.0/avrxmega3/short-calls\libgcc.a(_copy_data.o)
 .text.libgcc.div
                0x00000000        0x0 c:/program files (x86)/atmel/studio/7.0/toolchain/avr8/avr8-gnu-toolchain/bin/../lib/gcc/avr/5.4.0/avrxmega3/short-calls\libgcc.a(_copy_data.o)
 .text.libgcc   0x00000000        0x0 c:/program files (x86)/atmel/studio/7.0/toolchain/avr8/avr8-gnu-toolchain/bin/../lib/gcc/avr/5.4.0/avrxmega3/short-calls\libgcc.a(_copy_data.o)
 .text.libgcc.prologue
                0x00000000        0x0 c:/program files (x86)/atmel/studio/7.0/toolchain/avr8/avr8-gnu-toolchain/bin/../lib/gcc/avr/5.4.0/avrxmega3/short-calls\libgcc.a(_copy_data.o)
 .text.libgcc.builtins
                0x00000000        0x0 c:/program files (x86)/atmel/studio/7.0/toolchain/avr8/avr8-gnu-toolchain/bin/../lib/gcc/avr/5.4.0/avrxmega3/short-calls\libgcc.a(_copy_data.o)
 .text.libgcc.fmul
                0x00000000        0x0 c:/program files (x86)/atmel/studio/7.0/toolchain/avr8/avr8-gnu-toolchain/bin/../lib/gcc/avr/5.4.0/avrxmega3/short-calls\libgcc.a(_copy_data.o)
 .text.libgcc.fixed
                0x00000000        0x0 c:/program files (x86)/atmel/studio/7.0/toolchain/avr8/avr8-gnu-toolchain/bin/../lib/gcc/avr/5.4.0/avrxmega3/short-calls\libgcc.a(_copy_data.o)
 .text          0x00000000        0x0 c:/program files (x86)/atmel/studio/7.0/toolchain/avr8/avr8-gnu-toolchain/bin/../lib/gcc/avr/5.4.0/avrxmega3/short-calls\libgcc.a(_clear_bss.o)
 .data          0x00000000        0x0 c:/program files (x86)/atmel/studio/7.0/toolchain/avr8/avr8-gnu-toolchain/bin/../lib/gcc/avr/5.4.0/avrxmega3/short-calls\libgcc.a(_clear_bss.o)
 .bss           0x00000000        0x0 c:/program files (x86)/atmel/studio/7.0/toolchain/avr8/avr8-gnu-toolchain/bin/../lib/gcc/avr/5.4.0/avrxmega3/short-calls\libgcc.a(_clear_bss.o)
 .text.libgcc.mul
                0x00000000        0x0 c:/program files (x86)/atmel/studio/7.0/toolchain/avr8/avr8-gnu-toolchain/bin/../lib/gcc/avr/5.4.0/avrxmega3/short-calls\libgcc.a(_clear_bss.o)
 .text.libgcc.div
                0x00000000        0x0 c:/program files (x86)/atmel/studio/7.0/toolchain/avr8/avr8-gnu-toolchain/bin/../lib/gcc/avr/5.4.0/avrxmega3/short-calls\libgcc.a(_clear_bss.o)
 .text.libgcc   0x00000000        0x0 c:/program files (x86)/atmel/studio/7.0/toolchain/avr8/avr8-gnu-toolchain/bin/../lib/gcc/avr/5.4.0/avrxmega3/short-calls\libgcc.a(_clear_bss.o)
 .text.libgcc.prologue
                0x00000000        0x0 c:/program files (x86)/atmel/studio/7.0/toolchain/avr8/avr8-gnu-toolchain/bin/../lib/gcc/avr/5.4.0/avrxmega3/short-calls\libgcc.a(_clear_bss.o)
 .text.libgcc.builtins
                0x00000000        0x0 c:/program files (x86)/atmel/studio/7.0/toolchain/avr8/avr8-gnu-toolchain/bin/../lib/gcc/avr/5.4.0/avrxmega3/short-calls\libgcc.a(_clear_bss.o)
 .text.libgcc.fmul
                0x00000000        0x0 c:/program files (x86)/atmel/studio/7.0/toolchain/avr8/avr8-gnu-toolchain/bin/../lib/gcc/avr/5.4.0/avrxmega3/short-calls\libgcc.a(_clear_bss.o)
 .text.libgcc.fixed
                0x00000000        0x0 c:/program files (x86)/atmel/studio/7.0/toolchain/avr8/avr8-gnu-toolchain/bin/../lib/gcc/avr/5.4.0/avrxmega3/short-calls\libgcc.a(_clear_bss.o)
 .text          0x00000000        0x0 c:/program files (x86)/atmel/studio/7.0/toolchain/avr8/avr8-gnu-toolchain/bin/../lib/gcc/avr/5.4.0/../../../../avr/lib/avrxmega3/short-calls\libc.a(memcmp.o)
 .data          0x00000000        0x0 c:/program files (x86)/atmel/studio/7.0/toolchain/avr8/avr8-gnu-toolchain/bin/../lib/gcc/avr/5.4.0/../../../../avr/lib/avrxmega3/short-calls\libc.a(memcmp.o)
 .bss           0x00000000        0x0 c:/program files (x86)/atmel/studio/7.0/toolchain/avr8/avr8-gnu-toolchain/bin/../lib/gcc/avr/5.4.0/../../../../avr/lib/avrxmega3/short-calls\libc.a(memcmp.o)
 .text.avr-libc
                0x00000000       0x1a c:/program files (x86)/atmel/studio/7.0/toolchain/avr8/avr8-gnu-toolchain/bin/../lib/gcc/avr/5.4.0/../../../../avr/lib/avrxmega3/short-calls\libc.a(memcmp.o)
 .text          0x00000000        0x0 c:/program files (x86)/atmel/studio/7.0/toolchain/avr8/avr8-gnu-toolchain/bin/../lib/gcc/avr/5.4.0/../../../../avr/lib/avrxmega3/short-calls\libc.a(memcpy.o)
 .data          0x00000000        0x0 c:/program files (x86)/atmel/studio/7.0/toolchain/avr8/avr8-gnu-toolchain/bin/../lib/gcc/avr/5.4.0/../../../../avr/lib/avrxmega3/short-calls\libc.a(memcpy.o)
 .bss           0x00000000        0x0 c:/program files (x86)/atmel/studio/7.0/toolchain/avr8/avr8-gnu-toolchain/bin/../lib/gcc/avr/5.4.0/../../../../avr/lib/avrxmega3/short-calls\libc.a(memcpy.o)
 .text.avr-libc
                0x00000000       0x12 c:/program files (x86)/atmel/studio/7.0/toolchain/avr8/avr8-gnu-toolchain/bin/../lib/gcc/avr/5.4.0/../../../../avr/lib/avrxmega3/short-calls\libc.a(memcpy.o)

Memory Configuration

Name             Origin             Length             Attributes
text             0x00000000         0x00002000         xr
data             0x00803e00         0x00000200         rw !x
eeprom           0x00810000         0x00000080         rw !x
fuse             0x00820000         0x0000000a         rw !x
lock             0x00830000         0x00000400         rw !x
signature        0x00840000         0x00000400         rw !x
user_signatures  0x00850000         0x00000400         rw !x
*default*        0x00000000         0xffffffff

Linker script and memory map

Address of section .data set to 0x803e00
                0x00008000                __RODATA_PM_OFFSET__ = 0x8000
LOAD C:/Program Files (x86)/Atmel/Studio/7.0/Packs/atmel/ATtiny_DFP/1.9.337/gcc/dev/attiny817/avrxmega3/short-calls/crtattiny817.o
LOAD atmel_start.o
LOAD driver_isr.o
LOAD examples/src/i2c_slave_example.o
LOAD examples/src/nvmctrl_basic_example.o
LOAD main.o
LOAD src/bod.o
LOAD src/clkctrl.o
LOAD src/cpuint.o
LOAD src/driver_init.o
LOAD src/i2c_slave.o
LOAD src/nvmctrl_basic.o
LOAD src/protected_io.o
LOAD src/slpctrl.o
START GROUP
LOAD c:/program files (x86)/atmel/studio/7.0/toolchain/avr8/avr8-gnu-toolchain/bin/../lib/gcc/avr/5.4.0/../../../../avr/lib/avrxmega3/short-calls\libm.a
END GROUP
START GROUP
LOAD c:/program files (x86)/atmel/studio/7.0/toolchain/avr8/avr8-gnu-toolchain/bin/../lib/gcc/avr/5.4.0/avrxmega3/short-calls\libgcc.a
LOAD c:/program files (x86)/atmel/studio/7.0/toolchain/avr8/avr8-gnu-toolchain/bin/../lib/gcc/avr/5.4.0/../../../../avr/lib/avrxmega3/short-calls\libm.a
LOAD c:/program files (x86)/atmel/studio/7.0/toolchain/avr8/avr8-gnu-toolchain/bin/../lib/gcc/avr/5.4.0/../../../../avr/lib/avrxmega3/short-calls\libc.a
LOAD C:/Program Files (x86)/Atmel/Studio/7.0/Packs/atmel/ATtiny_DFP/1.9.337/gcc/dev/attiny817/avrxmega3/short-calls\libattiny817.a
END GROUP
                [0x00000000]                __TEXT_REGION_ORIGIN__ = DEFINED (__TEXT_REGION_ORIGIN__)?__TEXT_REGION_ORIGIN__:0x0
                [0x00803e00]                __DATA_REGION_ORIGIN__ = DEFINED (__DATA_REGION_ORIGIN__)?__DATA_REGION_ORIGIN__:0x802000
                [0x00002000]                __TEXT_REGION_LENGTH__ = DEFINED (__TEXT_REGION_LENGTH__)?__TEXT_REGION_LENGTH__:0x100000
                [0x00000200]                __DATA_REGION_LENGTH__ = DEFINED (__DATA_REGION_LENGTH__)?__DATA_REGION_LENGTH__:0xffa0
                [0x00000080]                __EEPROM_REGION_LENGTH__ = DEFINED (__EEPROM_REGION_LENGTH__)?__EEPROM_REGION_LENGTH__:0x10000
                [0x0000000a]                __FUSE_REGION_LENGTH__ = DEFINED (__FUSE_REGION_LENGTH__)?__FUSE_REGION_LENGTH__:0x400
                0x00000400                __LOCK_REGION_LENGTH__ = DEFINED (__LOCK_REGION_LENGTH__)?__LOCK_REGION_LENGTH__:0x400
                0x00000400                __SIGNATURE_REGION_LENGTH__ = DEFINED (__SIGNATURE_REGION_LENGTH__)?__SIGNATURE_REGION_LENGTH__:0x400
                0x00000400                __USER_SIGNATURE_REGION_LENGTH__ = DEFINED (__USER_SIGNATURE_REGION_LENGTH__)?__USER_SIGNATURE_REGION_LENGTH__:0x400
                0x00008000                __RODATA_PM_OFFSET__ = DEFINED (__RODATA_PM_OFFSET__)?__RODATA_PM_OFFSET__:0x8000

.hash
 *(.hash)

.dynsym
 *(.dynsym)

.dynstr
 *(.dynstr)

.gnu.version
 *(.gnu.version)

.gnu.version_d
 *(.gnu.version_d)

.gnu.version_r
 *(.gnu.version_r)

.rel.init
 *(.rel.init)

.rela.init
 *(.rela.init)

.rel.text
 *(.rel.text)
 *(.rel.text.*)
 *(.rel.gnu.linkonce.t*)

.rela.text
 *(.rela.text)
 *(.rela.text.*)
 *(.rela.gnu.linkonce.t*)

.rel.fini
 *(.rel.fini)

.rela.fini
 *(.rela.fini)

.rel.rodata
 *(.rel.rodata)
 *(.rel.rodata.*)
 *(.rel.gnu.linkonce.r*)

.rela.rodata
 *(.rela.rodata)
 *(.rela.rodata.*)
 *(.rela.gnu.linkonce.r*)

.rel.data
 *(.rel.data)
 *(.rel.data.*)
 *(.rel.gnu.linkonce.d*)

.rela.data
 *(.rela.data)
 *(.rela.data.*)
 *(.rela.gnu.linkonce.d*)

.rel.ctors
 *(.rel.ctors)

.rela.ctors
 *(.rela.ctors)

.rel.dtors
 *(.rel.dtors)

.rela.dtors
 *(.rela.dtors)

.rel.got
 *(.rel.got)

.rela.got
 *(.rela.got)

.rel.bss
 *(.rel.bss)

.rela.bss
 *(.rela.bss)

.rel.plt
 *(.rel.plt)

.rela.plt
 *(.rela.plt)

.text           0x00000000      0x7a0
 *(.vectors)
 .vectors       0x00000000       0x34 C:/Program Files (x86)/Atmel/Studio/7.0/Packs/atmel/ATtiny_DFP/1.9.337/gcc/dev/attiny817/avrxmega3/short-calls/crtattiny817.o
                0x00000000                __vector_default
                0x00000000                __vectors
 *(.vectors)
 *(.progmem.gcc*)
                0x00000034                . = ALIGN (0x2)
                0x00000034                __trampolines_start = .
 *(.trampolines)
 .trampolines   0x00000034        0x0 linker stubs
 *(.trampolines*)
                0x00000034                __trampolines_end = .
 *libprintf_flt.a:*(.progmem.data)
 *libc.a:*(.progmem.data)
 *(.progmem*)
                0x00000034                . = ALIGN (0x2)
 *(.jumptables)
 *(.jumptables*)
 *(.lowtext)
 *(.lowtext*)
                0x00000034                __ctors_start = .
 *(.ctors)
                0x00000034                __ctors_end = .
                0x00000034                __dtors_start = .
 *(.dtors)
                0x00000034                __dtors_end = .
 SORT(*)(.ctors)
 SORT(*)(.dtors)
 *(.init0)
 .init0         0x00000034        0x0 C:/Program Files (x86)/Atmel/Studio/7.0/Packs/atmel/ATtiny_DFP/1.9.337/gcc/dev/attiny817/avrxmega3/short-calls/crtattiny817.o
                0x00000034                __init
 *(.init0)
 *(.init1)
 *(.init1)
 *(.init2)
 .init2         0x00000034        0xc C:/Program Files (x86)/Atmel/Studio/7.0/Packs/atmel/ATtiny_DFP/1.9.337/gcc/dev/attiny817/avrxmega3/short-calls/crtattiny817.o
 *(.init2)
 *(.init3)
 *(.init3)
 *(.init4)
 .init4         0x00000040       0x16 c:/program files (x86)/atmel/studio/7.0/toolchain/avr8/avr8-gnu-toolchain/bin/../lib/gcc/avr/5.4.0/avrxmega3/short-calls\libgcc.a(_copy_data.o)
                0x00000040                __do_copy_data
 .init4         0x00000056       0x10 c:/program files (x86)/atmel/studio/7.0/toolchain/avr8/avr8-gnu-toolchain/bin/../lib/gcc/avr/5.4.0/avrxmega3/short-calls\libgcc.a(_clear_bss.o)
                0x00000056                __do_clear_bss
 *(.init4)
 *(.init5)
 *(.init5)
 *(.init6)
 *(.init6)
 *(.init7)
 *(.init7)
 *(.init8)
 *(.init8)
 *(.init9)
 .init9         0x00000066        0x4 C:/Program Files (x86)/Atmel/Studio/7.0/Packs/atmel/ATtiny_DFP/1.9.337/gcc/dev/attiny817/avrxmega3/short-calls/crtattiny817.o
 *(.init9)
 *(.text)
 .text          0x0000006a        0x2 C:/Program Files (x86)/Atmel/Studio/7.0/Packs/atmel/ATtiny_DFP/1.9.337/gcc/dev/attiny817/avrxmega3/short-calls/crtattiny817.o
                0x0000006a                __vector_22
                0x0000006a                __vector_1
                0x0000006a                __vector_24
                0x0000006a                __vector_12
                0x0000006a                __bad_interrupt
                0x0000006a                __vector_6
                0x0000006a                __vector_3
                0x0000006a                __vector_23
                0x0000006a                __vector_25
                0x0000006a                __vector_11
                0x0000006a                __vector_13
                0x0000006a                __vector_17
                0x0000006a                __vector_7
                0x0000006a                __vector_5
                0x0000006a                __vector_4
                0x0000006a                __vector_9
                0x0000006a                __vector_2
                0x0000006a                __vector_21
                0x0000006a                __vector_15
                0x0000006a                __vector_8
                0x0000006a                __vector_14
                0x0000006a                __vector_10
                0x0000006a                __vector_16
                0x0000006a                __vector_18
                0x0000006a                __vector_20
                0x0000006c                . = ALIGN (0x2)
 *(.text.*)
 .text.atmel_start_init
                0x0000006c        0x4 atmel_start.o
                0x0000006c                atmel_start_init
 .text.I2C_address_handler
                0x00000070        0xa main.o
                0x00000070                I2C_address_handler
 .text.i2c_clear
                0x0000007a       0x2e main.o
                0x0000007a                i2c_clear
 .text.calculate_crc8
                0x000000a8       0x36 main.o
                0x000000a8                calculate_crc8
 .text.flash_page_erase
                0x000000de       0x1a main.o
                0x000000de                flash_page_erase
 .text.flash_erase
                0x000000f8       0x5e main.o
                0x000000f8                flash_erase
 .text.flash_page_write
                0x00000156       0x6e main.o
                0x00000156                flash_page_write
 .text.flash_page_read
                0x000001c4       0x6a main.o
                0x000001c4                flash_page_read
 .text.fw_ver_check
                0x0000022e       0x20 main.o
                0x0000022e                fw_ver_check
 .text.i2c_write
                0x0000024e      0x116 main.o
                0x0000024e                i2c_write
 .text.I2C_write_handler
                0x00000364       0x68 main.o
                0x00000364                I2C_write_handler
 .text.i2c_slave_init
                0x000003cc       0x16 main.o
                0x000003cc                i2c_slave_init
 .text.main     0x000003e2        0x8 main.o
                0x000003e2                main
 .text.jump_to_address
                0x000003ea       0x14 main.o
                0x000003ea                jump_to_address
 .text.i2c_read
                0x000003fe       0x48 main.o
                0x000003fe                i2c_read
 .text.I2C_read_handler
                0x00000446       0xe0 main.o
                0x00000446                I2C_read_handler
 .text.__vector_19
                0x00000526       0x9c main.o
                0x00000526                __vector_19
 .text.BOD_init
                0x000005c2        0x4 src/bod.o
                0x000005c2                BOD_init
 .text.CLKCTRL_init
                0x000005c6        0x4 src/clkctrl.o
                0x000005c6                CLKCTRL_init
 .text.CPUINT_init
                0x000005ca        0xe src/cpuint.o
                0x000005ca                CPUINT_init
 .text.mcu_init
                0x000005d8       0x4a src/driver_init.o
                0x000005d8                mcu_init
 .text.FLASH_0_initialization
                0x00000622        0x4 src/driver_init.o
                0x00000622                FLASH_0_initialization
 .text.I2C_0_initialization
                0x00000626       0x66 src/driver_init.o
                0x00000626                I2C_0_initialization
 .text.system_init
                0x0000068c       0x10 src/driver_init.o
                0x0000068c                system_init
 .text.I2C_0_close
                0x0000069c        0xc src/i2c_slave.o
                0x0000069c                I2C_0_close
 .text.I2C_0_read
                0x000006a8        0x6 src/i2c_slave.o
                0x000006a8                I2C_0_read
 .text.I2C_0_write
                0x000006ae        0xe src/i2c_slave.o
                0x000006ae                I2C_0_write
 .text.I2C_0_send_ack
                0x000006bc        0x8 src/i2c_slave.o
                0x000006bc                I2C_0_send_ack
 .text.I2C_0_send_nack
                0x000006c4        0x8 src/i2c_slave.o
                0x000006c4                I2C_0_send_nack
 .text.I2C_0_set_read_callback
                0x000006cc        0xa src/i2c_slave.o
                0x000006cc                I2C_0_set_read_callback
 .text.I2C_0_set_write_callback
                0x000006d6        0xa src/i2c_slave.o
                0x000006d6                I2C_0_set_write_callback
 .text.I2C_0_set_address_callback
                0x000006e0        0xa src/i2c_slave.o
                0x000006e0                I2C_0_set_address_callback
 .text.I2C_0_set_stop_callback
                0x000006ea        0xa src/i2c_slave.o
                0x000006ea                I2C_0_set_stop_callback
 .text.I2C_0_set_collision_callback
                0x000006f4        0xa src/i2c_slave.o
                0x000006f4                I2C_0_set_collision_callback
 .text.I2C_0_set_bus_error_callback
                0x000006fe        0xa src/i2c_slave.o
                0x000006fe                I2C_0_set_bus_error_callback
 .text.I2C_0_init
                0x00000708       0x32 src/i2c_slave.o
                0x00000708                I2C_0_init
 .text.FLASH_0_init
                0x0000073a        0x4 src/nvmctrl_basic.o
                0x0000073a                FLASH_0_init
 .text.FLASH_0_read_flash_byte
                0x0000073e        0x8 src/nvmctrl_basic.o
                0x0000073e                FLASH_0_read_flash_byte
 .text.FLASH_0_erase_flash_page
                0x00000746       0x20 src/nvmctrl_basic.o
                0x00000746                FLASH_0_erase_flash_page
 .text.FLASH_0_write_flash_page
                0x00000766       0x2a src/nvmctrl_basic.o
                0x00000766                FLASH_0_write_flash_page
 .text.protected_write_io
                0x00000790        0x8 src/protected_io.o
                0x00000790                protected_write_io
 .text.SLPCTRL_init
                0x00000798        0x4 src/slpctrl.o
                0x00000798                SLPCTRL_init
                0x0000079c                . = ALIGN (0x2)
 *(.fini9)
 .fini9         0x0000079c        0x0 c:/program files (x86)/atmel/studio/7.0/toolchain/avr8/avr8-gnu-toolchain/bin/../lib/gcc/avr/5.4.0/avrxmega3/short-calls\libgcc.a(_exit.o)
                0x0000079c                _exit
                0x0000079c                exit
 *(.fini9)
 *(.fini8)
 *(.fini8)
 *(.fini7)
 *(.fini7)
 *(.fini6)
 *(.fini6)
 *(.fini5)
 *(.fini5)
 *(.fini4)
 *(.fini4)
 *(.fini3)
 *(.fini3)
 *(.fini2)
 *(.fini2)
 *(.fini1)
 *(.fini1)
 *(.fini0)
 .fini0         0x0000079c        0x4 c:/program files (x86)/atmel/studio/7.0/toolchain/avr8/avr8-gnu-toolchain/bin/../lib/gcc/avr/5.4.0/avrxmega3/short-calls\libgcc.a(_exit.o)
 *(.fini0)
                0x000007a0                _etext = .

.rodata         0x000087a0        0xb load address 0x000007a0
 *(.rodata)
 *(.rodata*)
 .rodata.str1.1
                0x000087a0        0xb main.o
 *(.gnu.linkonce.r*)

.data           0x00803e00        0x0 load address 0x000007ab
                0x00803e00                PROVIDE (__data_start, .)
 *(.data)
 *(.data*)
 *(.gnu.linkonce.d*)
                0x00803e00                . = ALIGN (0x2)
                0x00803e00                _edata = .
                0x00803e00                PROVIDE (__data_end, .)

.bss            0x00803e00       0xea
                0x00803e00                PROVIDE (__bss_start, .)
 *(.bss)
 *(.bss*)
 .bss.nvm_status
                0x00803e00        0x1 main.o
 .bss.update_flag
                0x00803e01        0x1 main.o
                0x00803e01                update_flag
 .bss.fw_rev    0x00803e02        0x1 main.o
                0x00803e02                fw_rev
 .bss.fw_minor  0x00803e03        0x1 main.o
                0x00803e03                fw_minor
 .bss.fw_major  0x00803e04        0x1 main.o
                0x00803e04                fw_major
 .bss.crc_data  0x00803e05        0x1 main.o
                0x00803e05                crc_data
 .bss.page_num  0x00803e06        0x1 main.o
                0x00803e06                page_num
 .bss.master_com_2
                0x00803e07        0x1 main.o
                0x00803e07                master_com_2
 .bss.master_com_1
                0x00803e08        0x1 main.o
                0x00803e08                master_com_1
 .bss.w_data_len
                0x00803e09        0x1 main.o
                0x00803e09                w_data_len
 .bss.r_data_len
                0x00803e0a        0x1 main.o
                0x00803e0a                r_data_len
 .bss.master_dir
                0x00803e0b        0x1 main.o
                0x00803e0b                master_dir
 .bss.master_read_flag
                0x00803e0c        0x1 main.o
                0x00803e0c                master_read_flag
 .bss.write_index
                0x00803e0d        0x1 main.o
                0x00803e0d                write_index
 .bss.read_index
                0x00803e0e        0x1 main.o
                0x00803e0e                read_index
 .bss.data_len  0x00803e0f        0x1 main.o
                0x00803e0f                data_len
 .bss.crc_data_chk
                0x00803e10        0x1 main.o
                0x00803e10                crc_data_chk
 .bss.page_data
                0x00803e11       0x40 main.o
                0x00803e11                page_data
 .bss.write_buf
                0x00803e51       0x46 main.o
                0x00803e51                write_buf
 .bss.read_buf  0x00803e97       0x46 main.o
                0x00803e97                read_buf
 .bss.addr      0x00803edd        0x1 main.o
                0x00803edd                addr
 *(COMMON)
 COMMON         0x00803ede        0xc src/i2c_slave.o
                0x00803ede                I2C_0_stop_interrupt_handler
                0x00803ee0                I2C_0_write_interrupt_handler
                0x00803ee2                I2C_0_read_interrupt_handler
                0x00803ee4                I2C_0_address_interrupt_handler
                0x00803ee6                I2C_0_bus_error_interrupt_handler
                0x00803ee8                I2C_0_collision_interrupt_handler
                0x00803eea                PROVIDE (__bss_end, .)
                0x000007ab                __data_load_start = LOADADDR (.data)
                0x000007ab                __data_load_end = (__data_load_start + SIZEOF (.data))

.noinit         0x00803eea        0x0
                [!provide]                PROVIDE (__noinit_start, .)
 *(.noinit*)
                [!provide]                PROVIDE (__noinit_end, .)
                0x00803eea                _end = .
                [!provide]                PROVIDE (__heap_start, .)

.eeprom         0x00810000        0x0
 *(.eeprom*)
                0x00810000                __eeprom_end = .

.fuse
 *(.fuse)
 *(.lfuse)
 *(.hfuse)
 *(.efuse)

.lock
 *(.lock*)

.signature
 *(.signature*)

.user_signatures
 *(.user_signatures*)

.stab
 *(.stab)

.stabstr
 *(.stabstr)

.stab.excl
 *(.stab.excl)

.stab.exclstr
 *(.stab.exclstr)

.stab.index
 *(.stab.index)

.stab.indexstr
 *(.stab.indexstr)

.comment        0x00000000       0x30
 *(.comment)
 .comment       0x00000000       0x30 atmel_start.o
                                 0x31 (size before relaxing)
 .comment       0x00000030       0x31 main.o
 .comment       0x00000030       0x31 src/bod.o
 .comment       0x00000030       0x31 src/clkctrl.o
 .comment       0x00000030       0x31 src/cpuint.o
 .comment       0x00000030       0x31 src/driver_init.o
 .comment       0x00000030       0x31 src/i2c_slave.o
 .comment       0x00000030       0x31 src/nvmctrl_basic.o
 .comment       0x00000030       0x31 src/slpctrl.o

.note.gnu.avr.deviceinfo
                0x00000000       0x3c
 .note.gnu.avr.deviceinfo
                0x00000000       0x3c C:/Program Files (x86)/Atmel/Studio/7.0/Packs/atmel/ATtiny_DFP/1.9.337/gcc/dev/attiny817/avrxmega3/short-calls/crtattiny817.o

.note.gnu.build-id
 *(.note.gnu.build-id)

.debug
 *(.debug)

.line
 *(.line)

.debug_srcinfo
 *(.debug_srcinfo)

.debug_sfnames
 *(.debug_sfnames)

.debug_aranges  0x00000000      0x2e8
 *(.debug_aranges)
 .debug_aranges
                0x00000000       0x20 atmel_start.o
 .debug_aranges
                0x00000020       0xa8 main.o
 .debug_aranges
                0x000000c8       0x20 src/bod.o
 .debug_aranges
                0x000000e8       0x20 src/clkctrl.o
 .debug_aranges
                0x00000108       0x20 src/cpuint.o
 .debug_aranges
                0x00000128       0x38 src/driver_init.o
 .debug_aranges
                0x00000160       0xc8 src/i2c_slave.o
 .debug_aranges
                0x00000228       0x78 src/nvmctrl_basic.o
 .debug_aranges
                0x000002a0       0x20 src/protected_io.o
 .debug_aranges
                0x000002c0       0x28 src/slpctrl.o

.debug_pubnames
 *(.debug_pubnames)

.debug_info     0x00000000     0x3f75
 *(.debug_info .gnu.linkonce.wi.*)
 .debug_info    0x00000000     0x16bc C:/Program Files (x86)/Atmel/Studio/7.0/Packs/atmel/ATtiny_DFP/1.9.337/gcc/dev/attiny817/avrxmega3/short-calls/crtattiny817.o
 .debug_info    0x000016bc       0x9a atmel_start.o
 .debug_info    0x00001756      0xb02 main.o
 .debug_info    0x00002258       0x8d src/bod.o
 .debug_info    0x000022e5       0x8d src/clkctrl.o
 .debug_info    0x00002372      0x198 src/cpuint.o
 .debug_info    0x0000250a      0x977 src/driver_init.o
 .debug_info    0x00002e81      0x5f5 src/i2c_slave.o
 .debug_info    0x00003476      0x91a src/nvmctrl_basic.o
 .debug_info    0x00003d90       0x9a src/protected_io.o
 .debug_info    0x00003e2a      0x14b src/slpctrl.o

.debug_abbrev   0x00000000     0x215c
 *(.debug_abbrev)
 .debug_abbrev  0x00000000     0x1582 C:/Program Files (x86)/Atmel/Studio/7.0/Packs/atmel/ATtiny_DFP/1.9.337/gcc/dev/attiny817/avrxmega3/short-calls/crtattiny817.o
 .debug_abbrev  0x00001582       0x63 atmel_start.o
 .debug_abbrev  0x000015e5      0x309 main.o
 .debug_abbrev  0x000018ee       0x51 src/bod.o
 .debug_abbrev  0x0000193f       0x51 src/clkctrl.o
 .debug_abbrev  0x00001990      0x105 src/cpuint.o
 .debug_abbrev  0x00001a95      0x19a src/driver_init.o
 .debug_abbrev  0x00001c2f      0x1aa src/i2c_slave.o
 .debug_abbrev  0x00001dd9      0x299 src/nvmctrl_basic.o
 .debug_abbrev  0x00002072       0x14 src/protected_io.o
 .debug_abbrev  0x00002086       0xd6 src/slpctrl.o

.debug_line     0x00000000     0x1818
 *(.debug_line .debug_line.* .debug_line_end)
 .debug_line    0x00000000      0x136 C:/Program Files (x86)/Atmel/Studio/7.0/Packs/atmel/ATtiny_DFP/1.9.337/gcc/dev/attiny817/avrxmega3/short-calls/crtattiny817.o
 .debug_line    0x00000136       0x60 atmel_start.o
 .debug_line    0x00000196      0x708 main.o
 .debug_line    0x0000089e       0xa2 src/bod.o
 .debug_line    0x00000940       0xa6 src/clkctrl.o
 .debug_line    0x000009e6      0x135 src/cpuint.o
 .debug_line    0x00000b1b      0x2b9 src/driver_init.o
 .debug_line    0x00000dd4      0x402 src/i2c_slave.o
 .debug_line    0x000011d6      0x4d1 src/nvmctrl_basic.o
 .debug_line    0x000016a7       0x55 src/protected_io.o
 .debug_line    0x000016fc      0x11c src/slpctrl.o

.debug_frame    0x00000000      0x5a8
 *(.debug_frame)
 .debug_frame   0x00000000       0x24 atmel_start.o
 .debug_frame   0x00000024      0x1d0 main.o
 .debug_frame   0x000001f4       0x24 src/bod.o
 .debug_frame   0x00000218       0x24 src/clkctrl.o
 .debug_frame   0x0000023c       0x24 src/cpuint.o
 .debug_frame   0x00000260       0x54 src/driver_init.o
 .debug_frame   0x000002b4      0x174 src/i2c_slave.o
 .debug_frame   0x00000428      0x14c src/nvmctrl_basic.o
 .debug_frame   0x00000574       0x34 src/slpctrl.o

.debug_str      0x00000000     0x1913
 *(.debug_str)
 .debug_str     0x00000000      0x9a7 C:/Program Files (x86)/Atmel/Studio/7.0/Packs/atmel/ATtiny_DFP/1.9.337/gcc/dev/attiny817/avrxmega3/short-calls/crtattiny817.o
 .debug_str     0x000009a7      0x188 atmel_start.o
                                0x1bc (size before relaxing)
 .debug_str     0x00000b2f      0x436 main.o
                                0x596 (size before relaxing)
 .debug_str     0x00000f65       0x16 src/bod.o
                                0x1a9 (size before relaxing)
 .debug_str     0x00000f7b       0x1e src/clkctrl.o
                                0x1b1 (size before relaxing)
 .debug_str     0x00000f99       0x8a src/cpuint.o
                                0x243 (size before relaxing)
 .debug_str     0x00001023      0x31d src/driver_init.o
                                0x53f (size before relaxing)
 .debug_str     0x00001340      0x27b src/i2c_slave.o
                                0x54f (size before relaxing)
 .debug_str     0x000015bb      0x2a8 src/nvmctrl_basic.o
                                0x566 (size before relaxing)
 .debug_str     0x00001863       0xb0 src/slpctrl.o
                                0x275 (size before relaxing)

.debug_loc      0x00000000     0x1075
 *(.debug_loc)
 .debug_loc     0x00000000      0x4e2 main.o
 .debug_loc     0x000004e2       0x2b src/cpuint.o
 .debug_loc     0x0000050d      0x21e src/driver_init.o
 .debug_loc     0x0000072b       0x2d src/i2c_slave.o
 .debug_loc     0x00000758      0x8fc src/nvmctrl_basic.o
 .debug_loc     0x00001054       0x21 src/slpctrl.o

.debug_macinfo
 *(.debug_macinfo)

.debug_weaknames
 *(.debug_weaknames)

.debug_funcnames
 *(.debug_funcnames)

.debug_typenames
 *(.debug_typenames)

.debug_varnames
 *(.debug_varnames)

.debug_pubtypes
 *(.debug_pubtypes)

.debug_ranges   0x00000000      0x280
 *(.debug_ranges)
 .debug_ranges  0x00000000       0x10 atmel_start.o
 .debug_ranges  0x00000010       0xe0 main.o
 .debug_ranges  0x000000f0       0x10 src/bod.o
 .debug_ranges  0x00000100       0x10 src/clkctrl.o
 .debug_ranges  0x00000110       0x10 src/cpuint.o
 .debug_ranges  0x00000120       0x28 src/driver_init.o
 .debug_ranges  0x00000148       0xb8 src/i2c_slave.o
 .debug_ranges  0x00000200       0x68 src/nvmctrl_basic.o
 .debug_ranges  0x00000268       0x18 src/slpctrl.o

.debug_macro
 *(.debug_macro)
OUTPUT(BOOT_TINY817.elf elf32-avr)
LOAD linker stubs
